// Jest Snapshot v1, https://goo.gl/fbAQLP

exports[`Modal@desktop должен вернуть полный шаблон компонента (snapshot) 1`] = `
<div
  class="Modal Modal_visible Modal_hasAnimation mix"
>
  <div
    class="Modal-Overlay"
  />
  <div
    class="Modal-Wrapper"
  >
    <div
      class="Modal-Table"
    >
      <div
        class="Modal-Cell Modal-Cell_align_middle"
      >
        <span
          aria-hidden="true"
          data-focus-trap-guard="true"
          style="width: 1px; height: 0px; padding: 0px; overflow: hidden; position: fixed; top: 1px; left: 1px;"
          tabindex="1"
        />
        <div
          aria-modal="true"
          class="Modal-Content"
          role="dialog"
          tabindex="-1"
        >
          content
        </div>
        <span
          aria-hidden="true"
          data-focus-trap-guard="true"
          style="width: 1px; height: 0px; padding: 0px; overflow: hidden; position: fixed; top: 1px; left: 1px;"
          tabindex="0"
        />
      </div>
    </div>
  </div>
</div>
`;

exports[`Modal@touch-pad должен вернуть полный шаблон компонента (snapshot) 1`] = `
<div
  class="Modal Modal_visible Modal_hasAnimation mix"
>
  <div
    class="Modal-Overlay"
  />
  <div
    class="Modal-Wrapper"
  >
    <div
      class="Modal-Table"
    >
      <div
        class="Modal-Cell Modal-Cell_align_middle"
      >
        <span
          aria-hidden="true"
          data-focus-trap-guard="true"
          style="width: 1px; height: 0px; padding: 0px; overflow: hidden; position: fixed; top: 1px; left: 1px;"
          tabindex="1"
        />
        <div
          aria-modal="true"
          class="Modal-Content"
          role="dialog"
          tabindex="-1"
        >
          content
        </div>
        <span
          aria-hidden="true"
          data-focus-trap-guard="true"
          style="width: 1px; height: 0px; padding: 0px; overflow: hidden; position: fixed; top: 1px; left: 1px;"
          tabindex="0"
        />
      </div>
    </div>
  </div>
</div>
`;

exports[`Modal@touch-phone должен вернуть полный шаблон компонента (snapshot) 1`] = `
<div
  class="Modal Modal_visible Modal_hasAnimation mix"
>
  <div
    class="Modal-Overlay"
  />
  <div
    class="Modal-Wrapper"
  >
    <div
      class="Modal-Table"
    >
      <div
        class="Modal-Cell Modal-Cell_align_middle"
      >
        <span
          aria-hidden="true"
          data-focus-trap-guard="true"
          style="width: 1px; height: 0px; padding: 0px; overflow: hidden; position: fixed; top: 1px; left: 1px;"
          tabindex="1"
        />
        <div
          aria-modal="true"
          class="Modal-Content"
          role="dialog"
          tabindex="-1"
        >
          content
        </div>
        <span
          aria-hidden="true"
          data-focus-trap-guard="true"
          style="width: 1px; height: 0px; padding: 0px; overflow: hidden; position: fixed; top: 1px; left: 1px;"
          tabindex="0"
        />
      </div>
    </div>
  </div>
</div>
`;
