// Jest Snapshot v1, https://goo.gl/fbAQLP

exports[`Spin client environment должен вернуть полный шаблон компонента (snapshot) 1`] = `
<div
  class="Spin2 mix"
/>
`;

exports[`Spin server environment должен вернуть полный шаблон компонента (snapshot) 1`] = `
<div
  class="Spin2 mix"
/>
`;
