// Jest Snapshot v1, https://goo.gl/fbAQLP

exports[`Spacer должен вернуть полный шаблон компонента (snapshot) 1`] = `
<div
  class="Spacer mix"
/>
`;
