// Jest Snapshot v1, https://goo.gl/fbAQLP

exports[`Dropdown@dekstop должен вернуть полный шаблон компонента (snapshot) 1`] = `
<span
  class="Dropdown"
>
  <button
    autocomplete="off"
    class="Button2"
    type="button"
  />
</span>
`;
