// Jest Snapshot v1, https://goo.gl/fbAQLP

exports[`ButtonGroup@dekstop должен вернуть полный шаблон компонента (snapshot) 1`] = `
<div
  class="ButtonGroup"
  role="group"
>
  <button
    autocomplete="off"
    class="Button2"
    type="button"
  />
</div>
`;
