// Jest Snapshot v1, https://goo.gl/fbAQLP

exports[`Textinput@desktop client environment должен вернуть полный шаблон компонента (snapshot) 1`] = `
<span
  class="Textinput mix"
>
  <input
    aria-invalid="false"
    autocomplete="off"
    class="Textinput-Control"
  />
  <span
    class="Textinput-Box"
  />
</span>
`;

exports[`Textinput@desktop server environment должен вернуть полный шаблон компонента (snapshot) 1`] = `
<span
  class="Textinput mix"
>
  <input
    aria-invalid="false"
    autocomplete="off"
    class="Textinput-Control"
  />
  <span
    class="Textinput-Box"
  />
</span>
`;

exports[`Textinput@touch-pad client environment должен вернуть полный шаблон компонента (snapshot) 1`] = `
<span
  class="Textinput mix"
>
  <input
    aria-invalid="false"
    autocomplete="off"
    class="Textinput-Control"
  />
  <span
    class="Textinput-Box"
  />
</span>
`;

exports[`Textinput@touch-pad server environment должен вернуть полный шаблон компонента (snapshot) 1`] = `
<span
  class="Textinput mix"
>
  <input
    aria-invalid="false"
    autocomplete="off"
    class="Textinput-Control"
  />
  <span
    class="Textinput-Box"
  />
</span>
`;

exports[`Textinput@touch-phone client environment должен вернуть полный шаблон компонента (snapshot) 1`] = `
<span
  class="Textinput mix"
>
  <input
    aria-invalid="false"
    autocomplete="off"
    class="Textinput-Control"
  />
  <span
    class="Textinput-Box"
  />
</span>
`;

exports[`Textinput@touch-phone server environment должен вернуть полный шаблон компонента (snapshot) 1`] = `
<span
  class="Textinput mix"
>
  <input
    aria-invalid="false"
    autocomplete="off"
    class="Textinput-Control"
  />
  <span
    class="Textinput-Box"
  />
</span>
`;
