// Jest Snapshot v1, https://goo.gl/fbAQLP

exports[`Textinput_hasClear@desktop client environment должен вернуть полный шаблон компонента (snapshot) 1`] = `
<span
  class="Textinput Textinput_hasClear"
>
  <span
    aria-hidden="true"
    class="Icon Icon_type_cross Textinput-Icon Textinput-Clear"
  />
  <input
    aria-invalid="false"
    autocomplete="off"
    class="Textinput-Control"
  />
  <span
    class="Textinput-Box"
  />
</span>
`;

exports[`Textinput_hasClear@desktop server environment должен вернуть полный шаблон компонента (snapshot) 1`] = `
<span
  class="Textinput Textinput_hasClear"
>
  <span
    aria-hidden="true"
    class="Icon Icon_type_cross Textinput-Icon Textinput-Clear"
  />
  <input
    aria-invalid="false"
    autocomplete="off"
    class="Textinput-Control"
  />
  <span
    class="Textinput-Box"
  />
</span>
`;

exports[`Textinput_hasClear@touch-pad client environment должен вернуть полный шаблон компонента (snapshot) 1`] = `
<span
  class="Textinput Textinput_hasClear"
>
  <span
    aria-hidden="true"
    class="Icon Icon_type_cross Textinput-Icon Textinput-Clear"
  />
  <input
    aria-invalid="false"
    autocomplete="off"
    class="Textinput-Control"
  />
  <span
    class="Textinput-Box"
  />
</span>
`;

exports[`Textinput_hasClear@touch-pad server environment должен вернуть полный шаблон компонента (snapshot) 1`] = `
<span
  class="Textinput Textinput_hasClear"
>
  <span
    aria-hidden="true"
    class="Icon Icon_type_cross Textinput-Icon Textinput-Clear"
  />
  <input
    aria-invalid="false"
    autocomplete="off"
    class="Textinput-Control"
  />
  <span
    class="Textinput-Box"
  />
</span>
`;

exports[`Textinput_hasClear@touch-phone client environment должен вернуть полный шаблон компонента (snapshot) 1`] = `
<span
  class="Textinput Textinput_hasClear"
>
  <span
    aria-hidden="true"
    class="Icon Icon_type_cross Textinput-Icon Textinput-Clear"
  />
  <input
    aria-invalid="false"
    autocomplete="off"
    class="Textinput-Control"
  />
  <span
    class="Textinput-Box"
  />
</span>
`;

exports[`Textinput_hasClear@touch-phone server environment должен вернуть полный шаблон компонента (snapshot) 1`] = `
<span
  class="Textinput Textinput_hasClear"
>
  <span
    aria-hidden="true"
    class="Icon Icon_type_cross Textinput-Icon Textinput-Clear"
  />
  <input
    aria-invalid="false"
    autocomplete="off"
    class="Textinput-Control"
  />
  <span
    class="Textinput-Box"
  />
</span>
`;
